2026-03-27 04:20:46,107 [INFO] ====== WebDriver manager ======
2026-03-27 04:20:46,138 [INFO] Get LATEST chromedriver version for google-chrome
2026-03-27 04:20:46,206 [INFO] About to download new driver from https://chromedriver.storage.googleapis.com/114.0.5735.90/chromedriver_linux64.zip
2026-03-27 04:20:46,254 [INFO] Driver downloading response is 200
2026-03-27 04:20:46,351 [INFO] Get LATEST chromedriver version for google-chrome
2026-03-27 04:20:46,486 [INFO] Get LATEST chromedriver version for google-chrome
2026-03-27 04:20:46,537 [INFO] Driver has been saved in cache [/home/spark-2f12e9be-fd20-431b-87b8-41/.wdm/drivers/chromedriver/linux64/114.0.5735.90]
2026-03-27 04:23:26,940 [INFO] Python Server ready to receive messages
2026-03-27 04:23:26,942 [INFO] Received command c on object id p0
2026-03-27 04:23:39,739 [INFO] Received command c on object id p0
2026-03-27 04:23:40,061 [INFO] Received command  on object id 
2026-03-27 04:23:40,061 [INFO] Received command  on object id 
2026-03-27 04:23:40,065 [INFO] Closing down clientserver connection
2026-03-27 04:23:44,247 [INFO] Error while receiving.
Traceback (most recent call last):
  File "/databricks/spark/python/lib/py4j-0.10.9.9-src.zip/py4j/clientserver.py", line 540, in send_command
    raise Py4JNetworkError(
py4j.protocol.Py4JNetworkError: Answer from Java side is empty
2026-03-27 04:23:44,263 [INFO] Error while receiving.
Traceback (most recent call last):
  File "/databricks/spark/python/lib/py4j-0.10.9.9-src.zip/py4j/clientserver.py", line 540, in send_command
    raise Py4JNetworkError(
py4j.protocol.Py4JNetworkError: Answer from Java side is empty
2026-03-27 04:23:50,063 [INFO] Closing down clientserver connection
2026-03-27 04:23:50,064 [INFO] Closing down clientserver connection
2026-03-27 04:23:50,071 [INFO] Closing down clientserver connection
2026-03-27 04:23:50,071 [INFO] Closing down clientserver connection
2026-03-27 04:24:31,803 [INFO] ====== WebDriver manager ======
2026-03-27 04:24:31,830 [INFO] Get LATEST chromedriver version for google-chrome
2026-03-27 04:24:31,878 [INFO] About to download new driver from https://chromedriver.storage.googleapis.com/114.0.5735.90/chromedriver_linux64.zip
2026-03-27 04:24:31,926 [INFO] Driver downloading response is 200
2026-03-27 04:24:32,054 [INFO] Get LATEST chromedriver version for google-chrome
2026-03-27 04:24:32,232 [INFO] Get LATEST chromedriver version for google-chrome
2026-03-27 04:24:32,282 [INFO] Driver has been saved in cache [/home/spark-2f12e9be-fd20-431b-87b8-41/.wdm/drivers/chromedriver/linux64/114.0.5735.90]
2026-03-27 04:25:56,601 [INFO] Python Server ready to receive messages
2026-03-27 04:25:56,604 [INFO] Received command c on object id p0
2026-03-27 04:25:56,619 [INFO] ====== WebDriver manager ======
2026-03-27 04:25:56,649 [INFO] Get LATEST chromedriver version for google-chrome
2026-03-27 04:25:56,722 [INFO] About to download new driver from https://chromedriver.storage.googleapis.com/114.0.5735.90/chromedriver_linux64.zip
2026-03-27 04:25:56,767 [INFO] Driver downloading response is 200
2026-03-27 04:25:56,886 [INFO] Get LATEST chromedriver version for google-chrome
2026-03-27 04:25:57,054 [INFO] Get LATEST chromedriver version for google-chrome
2026-03-27 04:25:57,102 [INFO] Driver has been saved in cache [/home/spark-2f12e9be-fd20-431b-87b8-41/.wdm/drivers/chromedriver/linux64/114.0.5735.90]
